<?xml version="1.0" encoding="utf-8"?><testsuites name="pytest tests"><testsuite name="pytest" errors="0" failures="0" skipped="0" tests="106" time="1.039" timestamp="2026-09-09T04:17:46.385110+00:00" hostname="localhost"><testcase classname="tests.test_contracts" name="test_positive_examples[case0]" time="0.022" /><testcase classname="tests.test_contracts" name="test_positive_examples[case1]" time="0.002" /><testcase classname="tests.test_contracts" name="test_positive_examples[case2]" time="0.002" /><testcase classname="tests.test_contracts" name="test_positive_examples[case3]" time="0.001" /><testcase classname="tests.test_contracts" name="test_positive_examples[case4]" time="0.001" /><testcase classname="tests.test_contracts" name="test_positive_examples[case5]" time="0.001" /><testcase classname="tests.test_contracts" name="test_positive_examples[case6]" time="0.002" /><testcase classname="tests.test_contracts" name="test_positive_examples[case7]" time="0.001" /><testcase classname="tests.test_contracts" name="test_business_positive[material-material-item]" time="0.002" /><testcase classname="tests.test_contracts" name="test_business_positive[material-options-material-item]" time="0.002" /><testcase classname="tests.test_contracts" name="test_business_positive[inspection-inspection-item]" time="0.001" /><testcase classname="tests.test_contracts" name="test_business_positive[conflict-conflict-item]" time="0.001" /><testcase classname="tests.test_contracts" name="test_business_positive[missing-missing-information-item]" time="0.001" /><testcase classname="tests.test_contracts" name="test_confirmed_without_evidence_rejected[material-material-item]" time="0.001" /><testcase classname="tests.test_contracts" name="test_confirmed_without_evidence_rejected[inspection-inspection-item]" time="0.002" /><testcase classname="tests.test_contracts" name="test_model_cannot_write_server_fields[review_status-ACCEPTED]" time="0.001" /><testcase classname="tests.test_contracts" name="test_model_cannot_write_server_fields[analysis_run_id-FAKE]" time="0.001" /><testcase classname="tests.test_contracts" name="test_model_cannot_write_server_fields[model_id-fake]" time="0.002" /><testcase classname="tests.test_contracts" name="test_model_cannot_write_server_fields[meta-value3]" time="0.001" /><testcase classname="tests.test_contracts" name="test_conditional_without_condition_rejected" time="0.002" /><testcase classname="tests.test_contracts" name="test_inferred_requires_rule" time="0.003" /><testcase classname="tests.test_contracts" name="test_fabricated_evidence_rejected" time="0.001" /><testcase classname="tests.test_contracts" name="test_cross_scope_evidence_rejected[tenant_id]" time="0.001" /><testcase classname="tests.test_contracts" name="test_cross_scope_evidence_rejected[project_id]" time="0.001" /><testcase classname="tests.test_contracts" name="test_cross_scope_evidence_rejected[input_snapshot_id]" time="0.001" /><testcase classname="tests.test_contracts" name="test_options_not_automatically_selected" time="0.002" /><testcase classname="tests.test_contracts" name="test_one_of_cannot_select_multiple" time="0.002" /><testcase classname="tests.test_contracts" name="test_selected_id_must_exist" time="0.002" /><testcase classname="tests.test_contracts" name="test_selected_requires_document_selection" time="0.003" /><testcase classname="tests.test_contracts" name="test_option_fields_need_field_sources" time="0.002" /><testcase classname="tests.test_contracts" name="test_quantity_explicit_needs_no_scale" time="0.001" /><testcase classname="tests.test_contracts" name="test_geometric_quantity_needs_calibration_and_formula[VECTOR_TAKEOFF]" time="0.003" /><testcase classname="tests.test_contracts" name="test_geometric_quantity_needs_calibration_and_formula[CAD_MEASUREMENT]" time="0.003" /><testcase classname="tests.test_contracts" name="test_geometric_quantity_needs_calibration_and_formula[IMAGE_CALIBRATED]" time="0.002" /><testcase classname="tests.test_contracts" name="test_procurement_quantity_not_allowed" time="0.001" /><testcase classname="tests.test_contracts" name="test_temporary_quantity_not_requested" time="0.002" /><testcase classname="tests.test_contracts" name="test_qa_criteria_needs_specific_evidence" time="0.001" /><testcase classname="tests.test_contracts" name="test_nonblocking_missing_not_allowed" time="0.001" /><testcase classname="tests.test_contracts" name="test_latest_selected_cannot_be_old" time="0.001" /><testcase classname="tests.test_contracts" name="test_conflict_different_scope_not_allowed" time="0.001" /><testcase classname="tests.test_contracts" name="test_empty_extraction_must_explain" time="0.001" /><testcase classname="tests.test_contracts" name="test_server_wrapper_forces_pending" time="0.004" /><testcase classname="tests.test_contracts" name="test_accepted_record_needs_review_event_and_actor" time="0.001" /><testcase classname="tests.test_contracts" name="test_meta_requires_all_versions" time="0.001" /><testcase classname="tests.test_contracts" name="test_model_cannot_forge_revision_date" time="0.002" /><testcase classname="tests.test_contracts" name="test_inferred_status_does_not_allow_fabricated_design_values" time="0.001" /><testcase classname="tests.test_contracts" name="test_source_evidence_schemas" time="0.003" /><testcase classname="tests.test_governance" name="test_repository_spec_structure" time="0.069" /><testcase classname="tests.test_governance" name="test_rendered_requirements_are_current" time="0.001" /><testcase classname="tests.test_governance" name="test_all_legacy_ids_preserved" time="0.001" /><testcase classname="tests.test_governance" name="test_no_false_implementation_claims" time="0.001" /><testcase classname="tests.test_governance" name="test_prompts_are_real_text_files" time="0.000" /><testcase classname="tests.test_governance" name="test_paid_api_disabled" time="0.000" /><testcase classname="tests.test_governance" name="test_qa_not_inferred_from_assembly" time="0.000" /><testcase classname="tests.test_governance" name="test_yaml_templates_parse" time="0.002" /><testcase classname="tests.test_governance" name="test_change_without_record_fails" time="0.000" /><testcase classname="tests.test_governance" name="test_product_implementation_cannot_claim_spec_only" time="0.001" /><testcase classname="tests.test_governance" name="test_implementation_requires_test_diff_and_trace" time="0.000" /><testcase classname="tests.test_governance" name="test_unknown_requirement_fails" time="0.000" /><testcase classname="tests.test_governance" name="test_valid_spec_change_covers_paths" time="0.000" /><testcase classname="tests.test_policies" name="test_programmatic_zero_llm[hash]" time="0.000" /><testcase classname="tests.test_policies" name="test_programmatic_zero_llm[mime]" time="0.000" /><testcase classname="tests.test_policies" name="test_programmatic_zero_llm[unit_conversion]" time="0.000" /><testcase classname="tests.test_policies" name="test_programmatic_zero_llm[schema_validation]" time="0.000" /><testcase classname="tests.test_policies" name="test_programmatic_zero_llm[exact_identifier]" time="0.000" /><testcase classname="tests.test_policies" name="test_programmatic_zero_llm[quantity_sum]" time="0.000" /><testcase classname="tests.test_policies" name="test_programmatic_zero_llm[export]" time="0.000" /><testcase classname="tests.test_policies" name="test_programmatic_zero_llm[dedup_exact]" time="0.000" /><testcase classname="tests.test_policies" name="test_simple_tasks_nonthinking_flash[classify]" time="0.000" /><testcase classname="tests.test_policies" name="test_simple_tasks_nonthinking_flash[extract_joint]" time="0.000" /><testcase classname="tests.test_policies" name="test_simple_tasks_nonthinking_flash[normalize_ambiguous]" time="0.000" /><testcase classname="tests.test_policies" name="test_simple_tasks_nonthinking_flash[local_verify]" time="0.000" /><testcase classname="tests.test_policies" name="test_cheap_payload_explicitly_disables_thinking" time="0.000" /><testcase classname="tests.test_policies" name="test_missing_evidence_does_not_escalate" time="0.000" /><testcase classname="tests.test_policies" name="test_vision_not_sent_to_text_model" time="0.000" /><testcase classname="tests.test_policies" name="test_reasoning_low_not_automatic_high_model" time="0.000" /><testcase classname="tests.test_policies" name="test_high_model_disabled_even_if_requested" time="0.000" /><testcase classname="tests.test_policies" name="test_call_limit_stops_loop" time="0.000" /><testcase classname="tests.test_policies" name="test_unknown_task_no_autonomous_call" time="0.000" /><testcase classname="tests.test_policies" name="test_output_cap" time="0.000" /><testcase classname="tests.test_policies" name="test_budget_formula_total_output_not_double_count" time="0.000" /><testcase classname="tests.test_policies" name="test_budget_300_hard_dispatch_cap" time="0.000" /><testcase classname="tests.test_policies" name="test_settle_refunds_difference" time="0.000" /><testcase classname="tests.test_policies" name="test_unknown_charge_stays_reserved" time="0.000" /><testcase classname="tests.test_policies" name="test_confirmed_unbilled_can_release" time="0.000" /><testcase classname="tests.test_policies" name="test_idempotent_reserve_and_settle" time="0.000" /><testcase classname="tests.test_policies" name="test_actual_over_estimate_freezes_but_records" time="0.000" /><testcase classname="tests.test_policies" name="test_concurrent_reservations_do_not_oversubscribe" time="0.001" /><testcase classname="tests.test_policies" name="test_revision_uses_internal_date_not_upload" time="0.000" /><testcase classname="tests.test_policies" name="test_uncertain_revision_stays_unresolved[None]" time="0.000" /><testcase classname="tests.test_policies" name="test_uncertain_revision_stays_unresolved[invalid]" time="0.000" /><testcase classname="tests.test_policies" name="test_uncertain_revision_stays_unresolved[2026-01-01]" time="0.000" /><testcase classname="tests.test_policies" name="test_different_scope_not_superseded" time="0.000" /><testcase classname="tests.test_policies" name="test_rfi_question_not_new_requirement" time="0.000" /><testcase classname="tests.test_policies" name="test_revision_sequence_reversal_flagged" time="0.000" /><testcase classname="tests.test_policies" name="test_cache_requires_scope" time="0.000" /><testcase classname="tests.test_policies" name="test_cache_varies_with_scope_and_versions[tenant_id]" time="0.000" /><testcase classname="tests.test_policies" name="test_cache_varies_with_scope_and_versions[project_id]" time="0.000" /><testcase classname="tests.test_policies" name="test_cache_varies_with_scope_and_versions[input_snapshot_id]" time="0.000" /><testcase classname="tests.test_policies" name="test_cache_varies_with_scope_and_versions[prompt_version]" time="0.000" /><testcase classname="tests.test_policies" name="test_cache_varies_with_scope_and_versions[model_snapshot]" time="0.000" /><testcase classname="tests.test_policies" name="test_cache_varies_with_scope_and_versions[retrieval_version]" time="0.000" /><testcase classname="tests.test_policies" name="test_cache_varies_with_scope_and_versions[assembly_rule_version]" time="0.000" /><testcase classname="tests.test_policies" name="test_cache_varies_with_scope_and_versions[revision_policy_version]" time="0.000" /><testcase classname="tests.test_policies" name="test_multiple_views_same_instance_not_double_counted" time="0.000" /><testcase classname="tests.test_policies" name="test_instance_quantity_conflict_does_not_auto_sum" time="0.000" /></testsuite></testsuites>